### Step 2A
/c/Users/artis


### Step 2B
$ cd desktop


### Step 2C
$ cd unit1-git-practice


### Step 2D
$ pwd
/c/Users/artis/desktop/unit1-git-practice


### Step 2E
$ ls


### Step 2F
my-steps.txt

### Step 2G
$ cd ~

### Step 2H
$ pwd
/c/Users/artis


### Step 2I
$ ls
'3D Objects'/
 AppData/
'Application Data'@
 Contacts/
 Cookies@
 Desktop/
 Documents/
 Downloads/
 Favorites/
 Links/
'Local Settings'@
 MicrosoftEdgeBackups/
 Music/
'My Documents'@
 NTUSER.DAT
 NTUSER.DAT{44e3d25c-bb87-11eb-960d-873da40fb7b0}.TM.blf
 NTUSER.DAT{44e3d25c-bb87-11eb-960d-873da40fb7b0}.TMContainer00000000000000000001.regtrans-ms
 NTUSER.DAT{44e3d25c-bb87-11eb-960d-873da40fb7b0}.TMContainer00000000000000000002.regtrans-ms
 NetHood@
 OneDrive/
 Pictures/
 PrintHood@
 Recent@
'Saved Games'/
 Searches/
 SendTo@
'Start Menu'@
 Templates@
 Tracing/
 Videos/
 ansel/
 dwhelper/
 ntuser.dat.LOG1
 ntuser.dat.LOG2
 ntuser.ini

### Step 2J
$ cd ~

### Step 2K
$ cd desktop/unit1-git-practice/


### Step 3A
$ mkdir "veggies" "meats" "desserts"


### Step 3B
$ mv desserts sweets


### Step 3C
$ mkdir proteins


### Step 3D
$ mv meats proteins


### Step 3E
$ cd veggies
$ touch "carrot.txt" "pea.txt"


### Step 3F
$ cd ..
$ cd sweets
$ touch cookie.txt


### Step 3G
$ mv cookie.txt donut.txt


### Step 3H
$ touch thing.txt


### Step 3I
$ cp thing.txt tofu.txt


### Step 3J
$ mv tofu.txt proteins


### Step 3K
$ cp thing.txt crab.txt
$ mv crab.txt proteins/meats/


### Step 3L
$ rm thing.txt


### Step 3M
$ cp -r veggies plants


### Step 3N
$ mkdir drinks
$ rm -r drinks


### Step 4
$ git init
Initialized empty Git repository in C:/Users/artis/Desktop/unit1-git-practice/.git/

$ git add .
warning: in the working copy of 'my-steps.txt', LF will be replaced by CRLF the next time Git touches it

$ git commit -m 'unit1-git-practice'
[master (root-commit) 3af9c7e] unit1-git-practice
 9 files changed, 156 insertions(+)
 create mode 100644 menu.txt
 create mode 100644 my-steps.txt
 create mode 100644 plants/carrot.txt
 create mode 100644 plants/pea.txt
 create mode 100644 proteins/meats/crab.txt
 create mode 100644 proteins/tofu.txt
 create mode 100644 sweets/donut.txt
 create mode 100644 veggies/carrot.txt
 create mode 100644 veggies/pea.txt


### Step 5
$ git remote add origin https://github.com/Nita-Nom-Nomz/unit1-git-practice.git
git branch -M main
git push -u origin main

had an issue with my login with GitHub. deleted repository and re-created it.
re-did steps except for git init since that's supposed to be done only once.
$ git remote add origin https://github.com/Nita-Nom-Nomz/unit1-git-practice.git
git branch -M main
git push -u origin main
error: remote origin already exists.
Enumerating objects: 11, done.
Counting objects: 100% (11/11), done.
Delta compression using up to 16 threads
Compressing objects: 100% (8/8), done.
Writing objects: 100% (11/11), 1.87 KiB | 958.00 KiB/s, done.
Total 11 (delta 2), reused 0 (delta 0), pack-reused 0
remote: Resolving deltas: 100% (2/2), done.
To https://github.com/Nita-Nom-Nomz/unit1-git-practice.git
 * [new branch]      main -> main
branch 'main' set up to track 'origin/main'.


### Step 6
$ touch menu.txt

below commands were added before following through with these steps.
git add . menu.txt
git commit -m 'menu edition'

### Step 7
*** DO NOT RECORD STEP 7 ***